// Jest Snapshot v1, https://goo.gl/fbAQLP

exports[`Frogger Should render correctly 1`] = `ShallowWrapper {}`;
